// Jest Snapshot v1, https://goo.gl/fbAQLP

exports[`<RecordsScreen /> renders correctly 1`] = `
<View
  style={
    Array [
      Object {
        "backgroundColor": "#fff",
      },
      Object {
        "alignItems": "center",
        "justifyContent": "center",
      },
    ]
  }
>
  <Text
    style={
      Array [
        Object {
          "color": "#000",
        },
        Object {
          "color": "#1C5A7D",
          "fontSize": 20,
          "fontWeight": "bold",
          "justifyContent": "center",
          "paddingBottom": 15,
          "paddingTop": 60,
          "textAlign": "center",
        },
      ]
    }
  >
    Volunteer Records for 
  </Text>
  <View
    accessible={true}
    focusable={true}
    onClick={[Function]}
    onResponderGrant={[Function]}
    onResponderMove={[Function]}
    onResponderRelease={[Function]}
    onResponderTerminate={[Function]}
    onResponderTerminationRequest={[Function]}
    onStartShouldSetResponder={[Function]}
    style={
      Object {
        "alignItems": "center",
        "backgroundColor": "#E11383",
        "borderRadius": 25,
        "height": 50,
        "justifyContent": "center",
        "marginBottom": 10,
        "marginTop": 0,
        "opacity": 1,
        "width": "80%",
      }
    }
  >
    <Text
      style={
        Array [
          Object {
            "color": "#000",
          },
          Object {
            "color": "white",
            "fontSize": 16,
            "fontWeight": "bold",
          },
        ]
      }
    >
      Export as CSV
    </Text>
  </View>
  <View
    style={
      Array [
        Object {
          "backgroundColor": "#fff",
        },
        undefined,
      ]
    }
  >
    <Text
      style={
        Array [
          Object {
            "color": "#000",
          },
          undefined,
        ]
      }
    >
      Total time logged: 
      0
       hours and 
      0
       minutes
    </Text>
  </View>
  <View
    style={
      Array [
        Object {
          "backgroundColor": "#fff",
        },
        undefined,
      ]
    }
  >
    <Text
      style={
        Array [
          Object {
            "color": "#000",
          },
          undefined,
        ]
      }
    >
      Total approved time logged: 
      0
       hours and 
      0
       minutes
    </Text>
  </View>
  <View
    style={
      Array [
        Object {
          "backgroundColor": "#fff",
        },
        Object {
          "margin": 15,
        },
      ]
    }
  />
  <View
    style={
      Array [
        Object {
          "backgroundColor": "#fff",
        },
        Object {
          "flexDirection": "row",
          "justifyContent": "space-around",
          "width": 750,
        },
      ]
    }
  >
    <Text
      style={
        Array [
          Object {
            "color": "#000",
          },
          Object {
            "fontSize": 20,
            "fontWeight": "bold",
          },
        ]
      }
    >
      Date
    </Text>
    <Text
      style={
        Array [
          Object {
            "color": "#000",
          },
          Object {
            "fontSize": 20,
            "fontWeight": "bold",
          },
        ]
      }
    >
      In
    </Text>
    <Text
      style={
        Array [
          Object {
            "color": "#000",
          },
          Object {
            "fontSize": 20,
            "fontWeight": "bold",
          },
        ]
      }
    >
      Out
    </Text>
  </View>
  <View
    style={
      Array [
        Object {
          "backgroundColor": "#fff",
        },
        Object {
          "height": 667,
          "justifyContent": "center",
        },
      ]
    }
  >
    <ActivityIndicator
      animating={true}
      color="#E11383"
      hidesWhenStopped={true}
      size="large"
    />
  </View>
  <View
    style={
      Array [
        Object {
          "backgroundColor": "#fff",
        },
        Object {
          "margin": 100,
        },
      ]
    }
  />
</View>
`;
